// Jest Snapshot v1, https://goo.gl/fbAQLP

exports[`ErrorCard tests Render correctly 1`] = `
.c0 {
  display: -webkit-box;
  display: -webkit-flex;
  display: -ms-flexbox;
  display: flex;
  box-sizing: border-box;
  max-width: 100%;
  -webkit-align-items: center;
  -webkit-box-align: center;
  -ms-flex-align: center;
  align-items: center;
  min-width: 0;
  min-height: 0;
  -webkit-flex-direction: column;
  -ms-flex-direction: column;
  flex-direction: column;
}

.c7 {
  display: -webkit-box;
  display: -webkit-flex;
  display: -ms-flexbox;
  display: flex;
  box-sizing: border-box;
  max-width: 100%;
  -webkit-align-items: center;
  -webkit-box-align: center;
  -ms-flex-align: center;
  align-items: center;
  min-width: 0;
  min-height: 0;
  -webkit-flex-direction: row;
  -ms-flex-direction: row;
  flex-direction: row;
  -webkit-box-pack: center;
  -webkit-justify-content: center;
  -ms-flex-pack: center;
  justify-content: center;
}

.c9 {
  -webkit-flex: 0 0 auto;
  -ms-flex: 0 0 auto;
  flex: 0 0 auto;
  -webkit-align-self: stretch;
  -ms-flex-item-align: stretch;
  align-self: stretch;
  width: 12px;
}

.c5 {
  display: inline-block;
  box-sizing: border-box;
  cursor: pointer;
  font: inherit;
  -webkit-text-decoration: none;
  text-decoration: none;
  margin: 0;
  background: transparent;
  overflow: visible;
  text-transform: none;
  border: 2px solid #7D4CDB;
  border-radius: 18px;
  color: #444444;
  padding: 4px 22px;
  font-size: 18px;
  line-height: 24px;
  background-color: #7D4CDB;
  color: #f8f8f8;
  border-radius: 18px;
  -webkit-transition-property: color,background-color,border-color,box-shadow;
  transition-property: color,background-color,border-color,box-shadow;
  -webkit-transition-duration: 0.1s;
  transition-duration: 0.1s;
  -webkit-transition-timing-function: ease-in-out;
  transition-timing-function: ease-in-out;
}

.c5:hover {
  box-shadow: 0px 0px 0px 2px #7D4CDB;
}

.c3 {
  font-size: 22px;
  line-height: 28px;
  max-width: 528px;
}

.c4 {
  margin-bottom: 24px;
  font-size: 22px;
  line-height: 28px;
  max-width: 528px;
}

.c6 {
  font-size: 1.4rem;
  font-weight: 600;
  border-radius: 17px;
}

.c8 {
  vertical-align: middle;
  margin-right: 5px;
  margin-right: 8px;
}

.c1 {
  font-size: 10px;
  border-radius: 15px;
  box-shadow: 0px 10px 32px #0000001a;
  display: -webkit-box;
  display: -webkit-flex;
  display: -ms-flexbox;
  display: flex;
  width: 100%;
  position: relative;
  overflow: hidden;
  padding: 2em;
  line-height: 3em;
  word-break: break-word;
  width: 607px;
  text-align: center;
  vertical-align: center;
  padding-bottom: 54px;
}

.c1 .providerCardColumn:last-child {
  border-right: none;
  margin-right: none;
}

.c2 {
  object-fit: cover;
  width: 100%;
}

@media (min-width:800px) {
  .c1 .providerCardColumn {
    border-right: #f5f5f5 1.5px dashed;
    padding-right: 3em;
  }

  .c1 .providerCardColumn:last-child {
    padding-left: 3em;
  }
}

<div>
  <div
    class="c0"
    role="error"
  >
    <div
      class="c0 Card-hurxuz-0 c1"
    >
      <img
        alt="Computer screen with a warning icon"
        class="c2"
        src="ic_error.svg"
      />
      <p
        class="c3"
      >
        Ops, tivemos um problema e infelizmente não conseguimos carregar a lista.
      </p>
      <p
        class="c4"
      >
        <strong>
          Tente novamente.
        </strong>
      </p>
      <button
        aria-label="reload"
        class="c5 c6"
        type="button"
      >
        <div
          class="c7"
        >
          <img
            alt="refreshIcon"
            class="IconText-sc-1u6m2iw-0 c8"
            color="#f8f8f8"
            src="ic_refresh.svg"
          />
          <div
            class="c9"
          />
          Recarregar página
        </div>
      </button>
    </div>
  </div>
</div>
`;
